Archive member included to satisfy reference by file (symbol)

C:/ST/STM32CubeIDE_1.19.0/STM32CubeIDE/plugins/com.st.stm32cube.ide.mcu.externaltools.gnu-tools-for-stm32.13.3.rel1.win32_1.0.0.202411081344/tools/bin/../lib/gcc/arm-none-eabi/13.3.1/../../../../arm-none-eabi/lib/thumb/v7e-m+fp/hard\libc_nano.a(libc_a-exit.o)
                              C:/ST/STM32CubeIDE_1.19.0/STM32CubeIDE/plugins/com.st.stm32cube.ide.mcu.externaltools.gnu-tools-for-stm32.13.3.rel1.win32_1.0.0.202411081344/tools/bin/../lib/gcc/arm-none-eabi/13.3.1/../../../../arm-none-eabi/lib/thumb/v7e-m+fp/hard/crt0.o (exit)
C:/ST/STM32CubeIDE_1.19.0/STM32CubeIDE/plugins/com.st.stm32cube.ide.mcu.externaltools.gnu-tools-for-stm32.13.3.rel1.win32_1.0.0.202411081344/tools/bin/../lib/gcc/arm-none-eabi/13.3.1/../../../../arm-none-eabi/lib/thumb/v7e-m+fp/hard\libc_nano.a(libc_a-findfp.o)
                              C:/ST/STM32CubeIDE_1.19.0/STM32CubeIDE/plugins/com.st.stm32cube.ide.mcu.externaltools.gnu-tools-for-stm32.13.3.rel1.win32_1.0.0.202411081344/tools/bin/../lib/gcc/arm-none-eabi/13.3.1/../../../../arm-none-eabi/lib/thumb/v7e-m+fp/hard\libc_nano.a(libc_a-exit.o) (__stdio_exit_handler)
C:/ST/STM32CubeIDE_1.19.0/STM32CubeIDE/plugins/com.st.stm32cube.ide.mcu.externaltools.gnu-tools-for-stm32.13.3.rel1.win32_1.0.0.202411081344/tools/bin/../lib/gcc/arm-none-eabi/13.3.1/../../../../arm-none-eabi/lib/thumb/v7e-m+fp/hard\libc_nano.a(libc_a-fwalk.o)
                              C:/ST/STM32CubeIDE_1.19.0/STM32CubeIDE/plugins/com.st.stm32cube.ide.mcu.externaltools.gnu-tools-for-stm32.13.3.rel1.win32_1.0.0.202411081344/tools/bin/../lib/gcc/arm-none-eabi/13.3.1/../../../../arm-none-eabi/lib/thumb/v7e-m+fp/hard\libc_nano.a(libc_a-findfp.o) (_fwalk_sglue)
C:/ST/STM32CubeIDE_1.19.0/STM32CubeIDE/plugins/com.st.stm32cube.ide.mcu.externaltools.gnu-tools-for-stm32.13.3.rel1.win32_1.0.0.202411081344/tools/bin/../lib/gcc/arm-none-eabi/13.3.1/../../../../arm-none-eabi/lib/thumb/v7e-m+fp/hard\libc_nano.a(libc_a-stdio.o)
                              C:/ST/STM32CubeIDE_1.19.0/STM32CubeIDE/plugins/com.st.stm32cube.ide.mcu.externaltools.gnu-tools-for-stm32.13.3.rel1.win32_1.0.0.202411081344/tools/bin/../lib/gcc/arm-none-eabi/13.3.1/../../../../arm-none-eabi/lib/thumb/v7e-m+fp/hard\libc_nano.a(libc_a-findfp.o) (__sread)
C:/ST/STM32CubeIDE_1.19.0/STM32CubeIDE/plugins/com.st.stm32cube.ide.mcu.externaltools.gnu-tools-for-stm32.13.3.rel1.win32_1.0.0.202411081344/tools/bin/../lib/gcc/arm-none-eabi/13.3.1/../../../../arm-none-eabi/lib/thumb/v7e-m+fp/hard\libc_nano.a(libc_a-memset.o)
                              C:/ST/STM32CubeIDE_1.19.0/STM32CubeIDE/plugins/com.st.stm32cube.ide.mcu.externaltools.gnu-tools-for-stm32.13.3.rel1.win32_1.0.0.202411081344/tools/bin/../lib/gcc/arm-none-eabi/13.3.1/../../../../arm-none-eabi/lib/thumb/v7e-m+fp/hard/crt0.o (memset)
C:/ST/STM32CubeIDE_1.19.0/STM32CubeIDE/plugins/com.st.stm32cube.ide.mcu.externaltools.gnu-tools-for-stm32.13.3.rel1.win32_1.0.0.202411081344/tools/bin/../lib/gcc/arm-none-eabi/13.3.1/../../../../arm-none-eabi/lib/thumb/v7e-m+fp/hard\libc_nano.a(libc_a-closer.o)
                              C:/ST/STM32CubeIDE_1.19.0/STM32CubeIDE/plugins/com.st.stm32cube.ide.mcu.externaltools.gnu-tools-for-stm32.13.3.rel1.win32_1.0.0.202411081344/tools/bin/../lib/gcc/arm-none-eabi/13.3.1/../../../../arm-none-eabi/lib/thumb/v7e-m+fp/hard\libc_nano.a(libc_a-stdio.o) (_close_r)
C:/ST/STM32CubeIDE_1.19.0/STM32CubeIDE/plugins/com.st.stm32cube.ide.mcu.externaltools.gnu-tools-for-stm32.13.3.rel1.win32_1.0.0.202411081344/tools/bin/../lib/gcc/arm-none-eabi/13.3.1/../../../../arm-none-eabi/lib/thumb/v7e-m+fp/hard\libc_nano.a(libc_a-reent.o)
                              C:/ST/STM32CubeIDE_1.19.0/STM32CubeIDE/plugins/com.st.stm32cube.ide.mcu.externaltools.gnu-tools-for-stm32.13.3.rel1.win32_1.0.0.202411081344/tools/bin/../lib/gcc/arm-none-eabi/13.3.1/../../../../arm-none-eabi/lib/thumb/v7e-m+fp/hard\libc_nano.a(libc_a-closer.o) (errno)
C:/ST/STM32CubeIDE_1.19.0/STM32CubeIDE/plugins/com.st.stm32cube.ide.mcu.externaltools.gnu-tools-for-stm32.13.3.rel1.win32_1.0.0.202411081344/tools/bin/../lib/gcc/arm-none-eabi/13.3.1/../../../../arm-none-eabi/lib/thumb/v7e-m+fp/hard\libc_nano.a(libc_a-impure.o)
                              C:/ST/STM32CubeIDE_1.19.0/STM32CubeIDE/plugins/com.st.stm32cube.ide.mcu.externaltools.gnu-tools-for-stm32.13.3.rel1.win32_1.0.0.202411081344/tools/bin/../lib/gcc/arm-none-eabi/13.3.1/../../../../arm-none-eabi/lib/thumb/v7e-m+fp/hard\libc_nano.a(libc_a-reent.o) (_impure_ptr)
C:/ST/STM32CubeIDE_1.19.0/STM32CubeIDE/plugins/com.st.stm32cube.ide.mcu.externaltools.gnu-tools-for-stm32.13.3.rel1.win32_1.0.0.202411081344/tools/bin/../lib/gcc/arm-none-eabi/13.3.1/../../../../arm-none-eabi/lib/thumb/v7e-m+fp/hard\libc_nano.a(libc_a-lseekr.o)
[...]
Memory Configuration

Name             Origin             Length             Attributes
CCMRAM           0x10000000         0x00010000         xrw
RAM              0x20000000         0x00030000         xrw
FLASH            0x08000000         0x00200000         xr
*default*        0x00000000         0xffffffff

Linker script and memory map

LOAD C:/ST/STM32CubeIDE_1.19.0/STM32CubeIDE/plugins/com.st.stm32cube.ide.mcu.externaltools.gnu-tools-for-stm32.13.3.rel1.win32_1.0.0.202411081344/tools/bin/../lib/gcc/arm-none-eabi/13.3.1/thumb/v7e-m+fp/hard/crti.o
LOAD C:/ST/STM32CubeIDE_1.19.0/STM32CubeIDE/plugins/com.st.stm32cube.ide.mcu.externaltools.gnu-tools-for-stm32.13.3.rel1.win32_1.0.0.202411081344/tools/bin/../lib/gcc/arm-none-eabi/13.3.1/thumb/v7e-m+fp/hard/crtbegin.o
LOAD C:/ST/STM32CubeIDE_1.19.0/STM32CubeIDE/plugins/com.st.stm32cube.ide.mcu.externaltools.gnu-tools-for-stm32.13.3.rel1.win32_1.0.0.202411081344/tools/bin/../lib/gcc/arm-none-eabi/13.3.1/../../../../arm-none-eabi/lib/thumb/v7e-m+fp/hard/crt0.o
LOAD ./Core/Src/ILI9341_GFX.o
LOAD ./Core/Src/ILI9341_STM32_Driver.o
LOAD ./Core/Src/main.o
LOAD ./Core/Src/stm32f4xx_hal_msp.o
LOAD ./Core/Src/stm32f4xx_it.o
LOAD ./Core/Src/syscalls.o
LOAD ./Core/Src/sysmem.o
LOAD ./Core/Src/system_stm32f4xx.o
LOAD ./Core/Startup/startup_stm32f429zitx.o
LOAD ./Drivers/STM32F4xx_HAL_Driver/Src/stm32f4xx_hal.o
LOAD ./Drivers/STM32F4xx_HAL_Driver/Src/stm32f4xx_hal_cortex.o
LOAD ./Drivers/STM32F4xx_HAL_Driver/Src/stm32f4xx_hal_dma.o
LOAD ./Drivers/STM32F4xx_HAL_Driver/Src/stm32f4xx_hal_dma_ex.o
LOAD ./Drivers/STM32F4xx_HAL_Driver/Src/stm32f4xx_hal_eth.o
LOAD ./Drivers/STM32F4xx_HAL_Driver/Src/stm32f4xx_hal_exti.o
LOAD ./Drivers/STM32F4xx_HAL_Driver/Src/stm32f4xx_hal_flash.o
LOAD ./Drivers/STM32F4xx_HAL_Driver/Src/stm32f4xx_hal_flash_ex.o
LOAD ./Drivers/STM32F4xx_HAL_Driver/Src/stm32f4xx_hal_flash_ramfunc.o
LOAD ./Drivers/STM32F4xx_HAL_Driver/Src/stm32f4xx_hal_gpio.o
LOAD ./Drivers/STM32F4xx_HAL_Driver/Src/stm32f4xx_hal_pcd.o
LOAD ./Drivers/STM32F4xx_HAL_Driver/Src/stm32f4xx_hal_pcd_ex.o
LOAD ./Drivers/STM32F4xx_HAL_Driver/Src/stm32f4xx_hal_pwr.o
LOAD ./Drivers/STM32F4xx_HAL_Driver/Src/stm32f4xx_hal_pwr_ex.o
LOAD ./Drivers/STM32F4xx_HAL_Driver/Src/stm32f4xx_hal_rcc.o
LOAD ./Drivers/STM32F4xx_HAL_Driver/Src/stm32f4xx_hal_rcc_ex.o
LOAD ./Drivers/STM32F4xx_HAL_Driver/Src/stm32f4xx_hal_spi.o
LOAD ./Drivers/STM32F4xx_HAL_Driver/Src/stm32f4xx_hal_uart.o
LOAD ./Drivers/STM32F4xx_HAL_Driver/Src/stm32f4xx_ll_usb.o
START GROUP
LOAD C:/ST/STM32CubeIDE_1.19.0/STM32CubeIDE/plugins/com.st.stm32cube.ide.mcu.externaltools.gnu-tools-for-stm32.13.3.rel1.win32_1.0.0.202411081344/tools/bin/../lib/gcc/arm-none-eabi/13.3.1/../../../../arm-none-eabi/lib/thumb/v7e-m+fp/hard\libc_nano.a
LOAD C:/ST/STM32CubeIDE_1.19.0/STM32CubeIDE/plugins/com.st.stm32cube.ide.mcu.externaltools.gnu-tools-for-stm32.13.3.rel1.win32_1.0.0.202411081344/tools/bin/../lib/gcc/arm-none-eabi/13.3.1/../../../../arm-none-eabi/lib/thumb/v7e-m+fp/hard\libm.a
END GROUP
START GROUP
LOAD C:/ST/STM32CubeIDE_1.19.0/STM32CubeIDE/plugins/com.st.stm32cube.ide.mcu.externaltools.gnu-tools-for-stm32.13.3.rel1.win32_1.0.0.202411081344/tools/bin/../lib/gcc/arm-none-eabi/13.3.1/thumb/v7e-m+fp/hard\libgcc.a
LOAD C:/ST/STM32CubeIDE_1.19.0/STM32CubeIDE/plugins/com.st.stm32cube.ide.mcu.externaltools.gnu-tools-for-stm32.13.3.rel1.win32_1.0.0.202411081344/tools/bin/../lib/gcc/arm-none-eabi/13.3.1/../../../../arm-none-eabi/lib/thumb/v7e-m+fp/hard\libc_nano.a
END GROUP
START GROUP
LOAD C:/ST/STM32CubeIDE_1.19.0/STM32CubeIDE/plugins/com.st.stm32cube.ide.mcu.externaltools.gnu-tools-for-stm32.13.3.rel1.win32_1.0.0.202411081344/tools/bin/../lib/gcc/arm-none-eabi/13.3.1/thumb/v7e-m+fp/hard\libgcc.a
LOAD C:/ST/STM32CubeIDE_1.19.0/STM32CubeIDE/plugins/com.st.stm32cube.ide.mcu.externaltools.gnu-tools-for-stm32.13.3.rel1.win32_1.0.0.202411081344/tools/bin/../lib/gcc/arm-none-eabi/13.3.1/../../../../arm-none-eabi/lib/thumb/v7e-m+fp/hard\libc_nano.a
LOAD C:/ST/STM32CubeIDE_1.19.0/STM32CubeIDE/plugins/com.st.stm32cube.ide.mcu.externaltools.gnu-tools-for-stm32.13.3.rel1.win32_1.0.0.202411081344/tools/bin/../lib/gcc/arm-none-eabi/13.3.1/../../../../arm-none-eabi/lib/thumb/v7e-m+fp/hard\libnosys.a
END GROUP
START GROUP
LOAD C:/ST/STM32CubeIDE_1.19.0/STM32CubeIDE/plugins/com.st.stm32cube.ide.mcu.externaltools.gnu-tools-for-stm32.13.3.rel1.win32_1.0.0.202411081344/tools/bin/../lib/gcc/arm-none-eabi/13.3.1/thumb/v7e-m+fp/hard\libgcc.a
LOAD C:/ST/STM32CubeIDE_1.19.0/STM32CubeIDE/plugins/com.st.stm32cube.ide.mcu.externaltools.gnu-tools-for-stm32.13.3.rel1.win32_1.0.0.202411081344/tools/bin/../lib/gcc/arm-none-eabi/13.3.1/../../../../arm-none-eabi/lib/thumb/v7e-m+fp/hard\libc_nano.a
LOAD C:/ST/STM32CubeIDE_1.19.0/STM32CubeIDE/plugins/com.st.stm32cube.ide.mcu.externaltools.gnu-tools-for-stm32.13.3.rel1.win32_1.0.0.202411081344/tools/bin/../lib/gcc/arm-none-eabi/13.3.1/../../../../arm-none-eabi/lib/thumb/v7e-m+fp/hard\libnosys.a
END GROUP
LOAD C:/ST/STM32CubeIDE_1.19.0/STM32CubeIDE/plugins/com.st.stm32cube.ide.mcu.externaltools.gnu-tools-for-stm32.13.3.rel1.win32_1.0.0.202411081344/tools/bin/../lib/gcc/arm-none-eabi/13.3.1/thumb/v7e-m+fp/hard/crtend.o
LOAD C:/ST/STM32CubeIDE_1.19.0/STM32CubeIDE/plugins/com.st.stm32cube.ide.mcu.externaltools.gnu-tools-for-stm32.13.3.rel1.win32_1.0.0.202411081344/tools/bin/../lib/gcc/arm-none-eabi/13.3.1/thumb/v7e-m+fp/hard/crtn.o
                0x20030000                        _estack = (ORIGIN (RAM) + LENGTH (RAM))
                0x00000200                        _Min_Heap_Size = 0x200
                0x00000400                        _Min_Stack_Size = 0x400

.isr_vector     0x08000000      0x1ac
                0x08000000                        . = ALIGN (0x4)
 *(.isr_vector)
 .isr_vector    0x08000000      0x1ac ./Core/Startup/startup_stm32f429zitx.o
                0x08000000                g_pfnVectors
                0x080001ac                        . = ALIGN (0x4)

.text           0x080001ac     0x4014
                0x080001ac                        . = ALIGN (0x4)
 *(.text)
 .text          0x080001ac       0x40 C:/ST/STM32CubeIDE_1.19.0/STM32CubeIDE/plugins/com.st.stm32cube.ide.mcu.externaltools.gnu-tools-for-stm32.13.3.rel1.win32_1.0.0.202411081344/tools/bin/../lib/gcc/arm-none-eabi/13.3.1/thumb/v7e-m+fp/hard/crtbegin.o
 .text          0x080001ec       0x30 C:/ST/STM32CubeIDE_1.19.0/STM32CubeIDE/plugins/com.st.stm32cube.ide.mcu.externaltools.gnu-tools-for-stm32.13.3.rel1.win32_1.0.0.202411081344/tools/bin/../lib/gcc/arm-none-eabi/13.3.1/thumb/v7e-m+fp/hard\libgcc.a(_aeabi_uldivmod.o)
                0x080001ec                __aeabi_uldivmod
 .text          0x0800021c      0x2f8 C:/ST/STM32CubeIDE_1.19.0/STM32CubeIDE/plugins/com.st.stm32cube.ide.mcu.externaltools.gnu-tools-for-stm32.13.3.rel1.win32_1.0.0.202411081344/tools/bin/../lib/gcc/arm-none-eabi/13.3.1/thumb/v7e-m+fp/hard\libgcc.a(_udivmoddi4.o)
                0x0800021c                __udivmoddi4
 .text          0x08000514        0x4 C:/ST/STM32CubeIDE_1.19.0/STM32CubeIDE/plugins/com.st.stm32cube.ide.mcu.externaltools.gnu-tools-for-stm32.13.3.rel1.win32_1.0.0.202411081344/tools/bin/../lib/gcc/arm-none-eabi/13.3.1/thumb/v7e-m+fp/hard\libgcc.a(_dvmd_tls.o)
                0x08000514                __aeabi_idiv0
                0x08000514                __aeabi_ldiv0
 *(.text*)
 .text.ILI9341_Draw_Char
                0x08000518      0x134 ./Core/Src/ILI9341_GFX.o
                0x08000518                ILI9341_Draw_Char
 .text.ILI9341_Draw_Text
                0x0800064c       0x5e ./Core/Src/ILI9341_GFX.o
                0x0800064c                ILI9341_Draw_Text
 *fill*         0x080006aa        0x2 
 .text.ILI9341_SPI_Init
                0x080006ac       0x18 ./Core/Src/ILI9341_STM32_Driver.o
                0x080006ac                ILI9341_SPI_Init
 .text.ILI9341_SPI_Send
                0x080006c4       0x24 ./Core/Src/ILI9341_STM32_Driver.o
                0x080006c4                ILI9341_SPI_Send
 .text.ILI9341_Write_Command
                0x080006e8       0x40 ./Core/Src/ILI9341_STM32_Driver.o
                0x080006e8                ILI9341_Write_Command
 .text.ILI9341_Write_Data
                0x08000728       0x40 ./Core/Src/ILI9341_STM32_Driver.o
                0x08000728                ILI9341_Write_Data
 .text.ILI9341_Set_Address
                0x08000768       0x98 ./Core/Src/ILI9341_STM32_Driver.o
                0x08000768                ILI9341_Set_Address
 .text.ILI9341_Reset
                0x08000800       0x3c ./Core/Src/ILI9341_STM32_Driver.o
                0x08000800                ILI9341_Reset
 .text.ILI9341_Set_Rotation
                0x0800083c       0xa4 ./Core/Src/ILI9341_STM32_Driver.o
                0x0800083c                ILI9341_Set_Rotation
 .text.ILI9341_Enable
                0x080008e0       0x18 ./Core/Src/ILI9341_STM32_Driver.o
                0x080008e0                ILI9341_Enable
 .text.ILI9341_Init
                0x080008f8      0x21a ./Core/Src/ILI9341_STM32_Driver.o
                0x080008f8                ILI9341_Init
 *fill*         0x08000b12        0x2 
 .text.ILI9341_Draw_Colour_Burst
                0x08000b14      0x138 ./Core/Src/ILI9341_STM32_Driver.o
                0x08000b14                ILI9341_Draw_Colour_Burst
 .text.ILI9341_Fill_Screen
                0x08000c4c       0x4c ./Core/Src/ILI9341_STM32_Driver.o
                0x08000c4c                ILI9341_Fill_Screen
 .text.ILI9341_Draw_Pixel
                0x08000c98      0x194 ./Core/Src/ILI9341_STM32_Driver.o
                0x08000c98                ILI9341_Draw_Pixel
 .text.ILI9341_Draw_Rectangle
                0x08000e2c       0xb8 ./Core/Src/ILI9341_STM32_Driver.o
                0x08000e2c                ILI9341_Draw_Rectangle
 .text.main     0x08000ee4       0x54 ./Core/Src/main.o
                0x08000ee4                main
 .text.SystemClock_Config
                0x08000f38       0xd4 ./Core/Src/main.o
                0x08000f38                SystemClock_Config
 .text.MX_ETH_Init
                0x0800100c       0x9c ./Core/Src/main.o
 .text.MX_SPI5_Init
                0x080010a8       0x6c ./Core/Src/main.o
 .text.MX_USART3_UART_Init
                0x08001114       0x54 ./Core/Src/main.o
 .text.MX_USB_OTG_FS_PCD_Init
                0x08001168       0x5c ./Core/Src/main.o
 .text.MX_GPIO_Init
                0x080011c4      0x1a0 ./Core/Src/main.o
 .text.Error_Handler
                0x08001364        0xc ./Core/Src/main.o
                0x08001364                Error_Handler
 .text.HAL_MspInit
                0x08001370       0x50 ./Core/Src/stm32f4xx_hal_msp.o
                0x08001370                HAL_MspInit
 .text.HAL_ETH_MspInit
                0x080013c0      0x18c ./Core/Src/stm32f4xx_hal_msp.o
                0x080013c0                HAL_ETH_MspInit
 .text.HAL_SPI_MspInit
                0x0800154c       0x90 ./Core/Src/stm32f4xx_hal_msp.o
                0x0800154c                HAL_SPI_MspInit
 .text.HAL_UART_MspInit
                0x080015dc       0x90 ./Core/Src/stm32f4xx_hal_msp.o
                0x080015dc                HAL_UART_MspInit
 .text.HAL_PCD_MspInit
                0x0800166c       0xb4 ./Core/Src/stm32f4xx_hal_msp.o
                0x0800166c                HAL_PCD_MspInit
 .text.NMI_Handler
                0x08001720        0x8 ./Core/Src/stm32f4xx_it.o
                0x08001720                NMI_Handler
 .text.HardFault_Handler
                0x08001728        0x8 ./Core/Src/stm32f4xx_it.o
                0x08001728                HardFault_Handler
 .text.MemManage_Handler
                0x08001730        0x8 ./Core/Src/stm32f4xx_it.o
                0x08001730                MemManage_Handler
 .text.BusFault_Handler
                0x08001738        0x8 ./Core/Src/stm32f4xx_it.o
                0x08001738                BusFault_Handler
 .text.UsageFault_Handler
                0x08001740        0x8 ./Core/Src/stm32f4xx_it.o
                0x08001740                UsageFault_Handler
 .text.SVC_Handler
                0x08001748        0xe ./Core/Src/stm32f4xx_it.o
                0x08001748                SVC_Handler
 .text.DebugMon_Handler
                0x08001756        0xe ./Core/Src/stm32f4xx_it.o
                0x08001756                DebugMon_Handler
 .text.PendSV_Handler
                0x08001764        0xe ./Core/Src/stm32f4xx_it.o
                0x08001764                PendSV_Handler
 .text.SysTick_Handler
                0x08001772        0xc ./Core/Src/stm32f4xx_it.o
                0x08001772                SysTick_Handler
 *fill*         0x0800177e        0x2 
 .text.SystemInit
                0x08001780       0x24 ./Core/Src/system_stm32f4xx.o
                0x08001780                SystemInit
 .text.Reset_Handler
                0x080017a4       0x50 ./Core/Startup/startup_stm32f429zitx.o
                0x080017a4                Reset_Handler
 .text.Default_Handler
                0x080017f4        0x2 ./Core/Startup/startup_stm32f429zitx.o
                0x080017f4                RTC_Alarm_IRQHandler
                0x080017f4                HASH_RNG_IRQHandler
                0x080017f4                EXTI2_IRQHandler
                0x080017f4                TIM8_CC_IRQHandler
                0x080017f4                UART8_IRQHandler
                0x080017f4                SPI4_IRQHandler
                0x080017f4                TIM1_CC_IRQHandler
                0x080017f4                DMA2_Stream5_IRQHandler
                0x080017f4                DMA1_Stream5_IRQHandler
                0x080017f4                PVD_IRQHandler
                0x080017f4                SDIO_IRQHandler
                0x080017f4                TAMP_STAMP_IRQHandler
                0x080017f4                CAN2_RX1_IRQHandler
                0x080017f4                EXTI3_IRQHandler
                0x080017f4                TIM8_TRG_COM_TIM14_IRQHandler
                0x080017f4                TIM1_UP_TIM10_IRQHandler
                0x080017f4                TIM8_UP_TIM13_IRQHandler
                0x080017f4                I2C3_ER_IRQHandler
                0x080017f4                EXTI0_IRQHandler
                0x080017f4                I2C2_EV_IRQHandler
                0x080017f4                DMA1_Stream2_IRQHandler
                0x080017f4                CAN1_RX0_IRQHandler
                0x080017f4                FPU_IRQHandler
                0x080017f4                OTG_HS_WKUP_IRQHandler
                0x080017f4                LTDC_ER_IRQHandler
                0x080017f4                CAN2_SCE_IRQHandler
                0x080017f4                DMA2_Stream2_IRQHandler
                0x080017f4                SPI1_IRQHandler
                0x080017f4                TIM6_DAC_IRQHandler
                0x080017f4                TIM1_BRK_TIM9_IRQHandler
                0x080017f4                DCMI_IRQHandler
                0x080017f4                CAN2_RX0_IRQHandler
                0x080017f4                DMA2_Stream3_IRQHandler
                0x080017f4                USART6_IRQHandler
                0x080017f4                USART3_IRQHandler
                0x080017f4                CAN1_RX1_IRQHandler
                0x080017f4                UART5_IRQHandler
                0x080017f4                DMA2_Stream0_IRQHandler
                0x080017f4                TIM4_IRQHandler
                0x080017f4                I2C1_EV_IRQHandler
                0x080017f4                DMA1_Stream6_IRQHandler
                0x080017f4                DMA1_Stream1_IRQHandler
                0x080017f4                UART4_IRQHandler
                0x080017f4                TIM3_IRQHandler
                0x080017f4                RCC_IRQHandler
                0x080017f4                TIM8_BRK_TIM12_IRQHandler
                0x080017f4                Default_Handler
                0x080017f4                EXTI15_10_IRQHandler
                0x080017f4                ADC_IRQHandler
                0x080017f4                DMA1_Stream7_IRQHandler
                0x080017f4                SPI5_IRQHandler
                0x080017f4                TIM7_IRQHandler
                0x080017f4                CAN2_TX_IRQHandler
                0x080017f4                TIM5_IRQHandler
                0x080017f4                DMA2_Stream7_IRQHandler
                0x080017f4                I2C3_EV_IRQHandler
                0x080017f4                EXTI9_5_IRQHandler
                0x080017f4                RTC_WKUP_IRQHandler
                0x080017f4                LTDC_IRQHandler
                0x080017f4                ETH_WKUP_IRQHandler
                0x080017f4                SPI2_IRQHandler
                0x080017f4                OTG_HS_EP1_IN_IRQHandler
                0x080017f4                DMA1_Stream0_IRQHandler
                0x080017f4                CAN1_TX_IRQHandler
                0x080017f4                EXTI4_IRQHandler
                0x080017f4                ETH_IRQHandler
                0x080017f4                OTG_HS_EP1_OUT_IRQHandler
                0x080017f4                WWDG_IRQHandler
                0x080017f4                SPI6_IRQHandler
                0x080017f4                TIM2_IRQHandler
                0x080017f4                OTG_FS_WKUP_IRQHandler
                0x080017f4                TIM1_TRG_COM_TIM11_IRQHandler
                0x080017f4                OTG_HS_IRQHandler
                0x080017f4                DMA2D_IRQHandler
                0x080017f4                EXTI1_IRQHandler
                0x080017f4                UART7_IRQHandler
                0x080017f4                USART2_IRQHandler
                0x080017f4                I2C2_ER_IRQHandler
                0x080017f4                DMA2_Stream1_IRQHandler
                0x080017f4                CAN1_SCE_IRQHandler
                0x080017f4                FLASH_IRQHandler
                0x080017f4                DMA2_Stream4_IRQHandler
                0x080017f4                USART1_IRQHandler
                0x080017f4                OTG_FS_IRQHandler
                0x080017f4                SPI3_IRQHandler
                0x080017f4                DMA1_Stream4_IRQHandler
                0x080017f4                I2C1_ER_IRQHandler
                0x080017f4                FMC_IRQHandler
                0x080017f4                DMA2_Stream6_IRQHandler
                0x080017f4                SAI1_IRQHandler
                0x080017f4                DMA1_Stream3_IRQHandler
 *fill*         0x080017f6        0x2 
 .text.HAL_Init
                0x080017f8       0x44 ./Drivers/STM32F4xx_HAL_Driver/Src/stm32f4xx_hal.o
                0x080017f8                HAL_Init
 .text.HAL_InitTick
                0x0800183c       0x60 ./Drivers/STM32F4xx_HAL_Driver/Src/stm32f4xx_hal.o
                0x0800183c                HAL_InitTick
 .text.HAL_IncTick
                0x0800189c       0x28 ./Drivers/STM32F4xx_HAL_Driver/Src/stm32f4xx_hal.o
                0x0800189c                HAL_IncTick
 .text.HAL_GetTick
                0x080018c4       0x18 ./Drivers/STM32F4xx_HAL_Driver/Src/stm32f4xx_hal.o
                0x080018c4                HAL_GetTick
 .text.HAL_Delay
                0x080018dc       0x48 ./Drivers/STM32F4xx_HAL_Driver/Src/stm32f4xx_hal.o
                0x080018dc                HAL_Delay
 .text.__NVIC_SetPriorityGrouping
                0x08001924       0x48 ./Drivers/STM32F4xx_HAL_Driver/Src/stm32f4xx_hal_cortex.o
 .text.__NVIC_GetPriorityGrouping
                0x0800196c       0x1c ./Drivers/STM32F4xx_HAL_Driver/Src/stm32f4xx_hal_cortex.o
 .text.__NVIC_SetPriority
                0x08001988       0x54 ./Drivers/STM32F4xx_HAL_Driver/Src/stm32f4xx_hal_cortex.o
 .text.NVIC_EncodePriority
                0x080019dc       0x66 ./Drivers/STM32F4xx_HAL_Driver/Src/stm32f4xx_hal_cortex.o
 *fill*         0x08001a42        0x2 
 .text.SysTick_Config
                0x08001a44       0x44 ./Drivers/STM32F4xx_HAL_Driver/Src/stm32f4xx_hal_cortex.o
 .text.HAL_NVIC_SetPriorityGrouping
                0x08001a88       0x16 ./Drivers/STM32F4xx_HAL_Driver/Src/stm32f4xx_hal_cortex.o
                0x08001a88                HAL_NVIC_SetPriorityGrouping
 .text.HAL_NVIC_SetPriority
                0x08001a9e       0x38 ./Drivers/STM32F4xx_HAL_Driver/Src/stm32f4xx_hal_cortex.o
                0x08001a9e                HAL_NVIC_SetPriority
 .text.HAL_SYSTICK_Config
                0x08001ad6       0x18 ./Drivers/STM32F4xx_HAL_Driver/Src/stm32f4xx_hal_cortex.o
                0x08001ad6                HAL_SYSTICK_Config
 *fill*         0x08001aee        0x2 
 .text.HAL_ETH_Init
                0x08001af0      0x138 ./Drivers/STM32F4xx_HAL_Driver/Src/stm32f4xx_hal_eth.o
                0x08001af0                HAL_ETH_Init
 .text.ETH_SetMACConfig
                0x08001c28      0x168 ./Drivers/STM32F4xx_HAL_Driver/Src/stm32f4xx_hal_eth.o
 .text.ETH_SetDMAConfig
                0x08001d90      0x114 ./Drivers/STM32F4xx_HAL_Driver/Src/stm32f4xx_hal_eth.o
 .text.ETH_MACDMAConfig
                0x08001ea4       0xea ./Drivers/STM32F4xx_HAL_Driver/Src/stm32f4xx_hal_eth.o
 *fill*         0x08001f8e        0x2 
 .text.ETH_MACAddressConfig
                0x08001f90       0x70 ./Drivers/STM32F4xx_HAL_Driver/Src/stm32f4xx_hal_eth.o
 .text.ETH_DMATxDescListInit
                0x08002000       0xb2 ./Drivers/STM32F4xx_HAL_Driver/Src/stm32f4xx_hal_eth.o
 .text.ETH_DMARxDescListInit
                0x080020b2       0xde ./Drivers/STM32F4xx_HAL_Driver/Src/stm32f4xx_hal_eth.o
 .text.HAL_GPIO_Init
                0x08002190      0x358 ./Drivers/STM32F4xx_HAL_Driver/Src/stm32f4xx_hal_gpio.o
                0x08002190                HAL_GPIO_Init
 .text.HAL_GPIO_WritePin
                0x080024e8       0x32 ./Drivers/STM32F4xx_HAL_Driver/Src/stm32f4xx_hal_gpio.o
                0x080024e8                HAL_GPIO_WritePin
 .text.HAL_PCD_Init
                0x0800251a      0x21e ./Drivers/STM32F4xx_HAL_Driver/Src/stm32f4xx_hal_pcd.o
                0x0800251a                HAL_PCD_Init
 .text.HAL_RCC_OscConfig
                0x08002738      0x4f0 ./Drivers/STM32F4xx_HAL_Driver/Src/stm32f4xx_hal_rcc.o
                0x08002738                HAL_RCC_OscConfig
 .text.HAL_RCC_ClockConfig
                0x08002c28      0x1cc ./Drivers/STM32F4xx_HAL_Driver/Src/stm32f4xx_hal_rcc.o
                0x08002c28                HAL_RCC_ClockConfig
 .text.HAL_RCC_GetSysClockFreq
                0x08002df4      0x20c ./Drivers/STM32F4xx_HAL_Driver/Src/stm32f4xx_hal_rcc.o
                0x08002df4                HAL_RCC_GetSysClockFreq
 .text.HAL_RCC_GetHCLKFreq
                0x08003000       0x18 ./Drivers/STM32F4xx_HAL_Driver/Src/stm32f4xx_hal_rcc.o
                0x08003000                HAL_RCC_GetHCLKFreq
 .text.HAL_RCC_GetPCLK1Freq
                0x08003018       0x28 ./Drivers/STM32F4xx_HAL_Driver/Src/stm32f4xx_hal_rcc.o
                0x08003018                HAL_RCC_GetPCLK1Freq
 .text.HAL_RCC_GetPCLK2Freq
                0x08003040       0x28 ./Drivers/STM32F4xx_HAL_Driver/Src/stm32f4xx_hal_rcc.o
                0x08003040                HAL_RCC_GetPCLK2Freq
 .text.HAL_SPI_Init
                0x08003068      0x112 ./Drivers/STM32F4xx_HAL_Driver/Src/stm32f4xx_hal_spi.o
                0x08003068                HAL_SPI_Init
 .text.HAL_SPI_Transmit
                0x0800317a      0x288 ./Drivers/STM32F4xx_HAL_Driver/Src/stm32f4xx_hal_spi.o
                0x0800317a                HAL_SPI_Transmit
 *fill*         0x08003402        0x2 
 .text.SPI_WaitFlagStateUntilTimeout
                0x08003404      0x110 ./Drivers/STM32F4xx_HAL_Driver/Src/stm32f4xx_hal_spi.o
 .text.SPI_EndRxTxTransaction
                0x08003514       0xa8 ./Drivers/STM32F4xx_HAL_Driver/Src/stm32f4xx_hal_spi.o
 .text.HAL_UART_Init
                0x080035bc       0xa0 ./Drivers/STM32F4xx_HAL_Driver/Src/stm32f4xx_hal_uart.o
                0x080035bc                HAL_UART_Init
 .text.UART_SetConfig
                0x0800365c      0x4e8 ./Drivers/STM32F4xx_HAL_Driver/Src/stm32f4xx_hal_uart.o
 .text.USB_CoreInit
                0x08003b44       0xc8 ./Drivers/STM32F4xx_HAL_Driver/Src/stm32f4xx_ll_usb.o
                0x08003b44                USB_CoreInit
 .text.USB_DisableGlobalInt
                0x08003c0c       0x22 ./Drivers/STM32F4xx_HAL_Driver/Src/stm32f4xx_ll_usb.o
                0x08003c0c                USB_DisableGlobalInt
 .text.USB_SetCurrentMode
                0x08003c2e       0x98 ./Drivers/STM32F4xx_HAL_Driver/Src/stm32f4xx_ll_usb.o
                0x08003c2e                USB_SetCurrentMode
 *fill*         0x08003cc6        0x2 
 .text.USB_DevInit
                0x08003cc8      0x2c8 ./Drivers/STM32F4xx_HAL_Driver/Src/stm32f4xx_ll_usb.o
                0x08003cc8                USB_DevInit
 .text.USB_FlushTxFifo
                0x08003f90       0x64 ./Drivers/STM32F4xx_HAL_Driver/Src/stm32f4xx_ll_usb.o
                0x08003f90                USB_FlushTxFifo
 .text.USB_FlushRxFifo
                0x08003ff4       0x5c ./Drivers/STM32F4xx_HAL_Driver/Src/stm32f4xx_ll_usb.o
                0x08003ff4                USB_FlushRxFifo
 .text.USB_SetDevSpeed
                0x08004050       0x32 ./Drivers/STM32F4xx_HAL_Driver/Src/stm32f4xx_ll_usb.o
                0x08004050                USB_SetDevSpeed
 .text.USB_DevDisconnect
                0x08004082       0x42 ./Drivers/STM32F4xx_HAL_Driver/Src/stm32f4xx_ll_usb.o
                0x08004082                USB_DevDisconnect
 .text.USB_GetMode
                0x080040c4       0x1c ./Drivers/STM32F4xx_HAL_Driver/Src/stm32f4xx_ll_usb.o
                0x080040c4                USB_GetMode
 .text.USB_CoreReset
                0x080040e0       0x70 ./Drivers/STM32F4xx_HAL_Driver/Src/stm32f4xx_ll_usb.o
 .text.memset   0x08004150       0x10 C:/ST/STM32CubeIDE_1.19.0/STM32CubeIDE/plugins/com.st.stm32cube.ide.mcu.externaltools.gnu-tools-for-stm32.13.3.rel1.win32_1.0.0.202411081344/tools/bin/../lib/gcc/arm-none-eabi/13.3.1/../../../../arm-none-eabi/lib/thumb/v7e-m+fp/hard\libc_nano.a(libc_a-memset.o)
                0x08004150                memset
 .text.__libc_init_array
                0x08004160       0x48 C:/ST/STM32CubeIDE_1.19.0/STM32CubeIDE/plugins/com.st.stm32cube.ide.mcu.externaltools.gnu-tools-for-stm32.13.3.rel1.win32_1.0.0.202411081344/tools/bin/../lib/gcc/arm-none-eabi/13.3.1/../../../../arm-none-eabi/lib/thumb/v7e-m+fp/hard\libc_nano.a(libc_a-init.o)
                0x08004160                __libc_init_array
 *(.glue_7)
 .glue_7        0x080041a8        0x0 linker stubs
 *(.glue_7t)
 .glue_7t       0x080041a8        0x0 linker stubs
 *(.eh_frame)
 .eh_frame      0x080041a8        0x0 C:/ST/STM32CubeIDE_1.19.0/STM32CubeIDE/plugins/com.st.stm32cube.ide.mcu.externaltools.gnu-tools-for-stm32.13.3.rel1.win32_1.0.0.202411081344/tools/bin/../lib/gcc/arm-none-eabi/13.3.1/thumb/v7e-m+fp/hard/crtbegin.o
 *(.init)
 .init          0x080041a8        0x4 C:/ST/STM32CubeIDE_1.19.0/STM32CubeIDE/plugins/com.st.stm32cube.ide.mcu.externaltools.gnu-tools-for-stm32.13.3.rel1.win32_1.0.0.202411081344/tools/bin/../lib/gcc/arm-none-eabi/13.3.1/thumb/v7e-m+fp/hard/crti.o
                0x080041a8                _init
 .init          0x080041ac        0x8 C:/ST/STM32CubeIDE_1.19.0/STM32CubeIDE/plugins/com.st.stm32cube.ide.mcu.externaltools.gnu-tools-for-stm32.13.3.rel1.win32_1.0.0.202411081344/tools/bin/../lib/gcc/arm-none-eabi/13.3.1/thumb/v7e-m+fp/hard/crtn.o
 *(.fini)
 .fini          0x080041b4        0x4 C:/ST/STM32CubeIDE_1.19.0/STM32CubeIDE/plugins/com.st.stm32cube.ide.mcu.externaltools.gnu-tools-for-stm32.13.3.rel1.win32_1.0.0.202411081344/tools/bin/../lib/gcc/arm-none-eabi/13.3.1/thumb/v7e-m+fp/hard/crti.o
                0x080041b4                _fini
 .fini          0x080041b8        0x8 C:/ST/STM32CubeIDE_1.19.0/STM32CubeIDE/plugins/com.st.stm32cube.ide.mcu.externaltools.gnu-tools-for-stm32.13.3.rel1.win32_1.0.0.202411081344/tools/bin/../lib/gcc/arm-none-eabi/13.3.1/thumb/v7e-m+fp/hard/crtn.o
                0x080041c0                        . = ALIGN (0x4)
                0x080041c0                        _etext = .

.vfp11_veneer   0x080041c0        0x0
 .vfp11_veneer  0x080041c0        0x0 linker stubs

.v4_bx          0x080041c0        0x0
 .v4_bx         0x080041c0        0x0 linker stubs

.iplt           0x080041c0        0x0
 .iplt          0x080041c0        0x0 C:/ST/STM32CubeIDE_1.19.0/STM32CubeIDE/plugins/com.st.stm32cube.ide.mcu.externaltools.gnu-tools-for-stm32.13.3.rel1.win32_1.0.0.202411081344/tools/bin/../lib/gcc/arm-none-eabi/13.3.1/thumb/v7e-m+fp/hard/crtbegin.o

.rodata         0x080041c0      0x264
                0x080041c0                        . = ALIGN (0x4)
 *(.rodata)
 .rodata        0x080041c0        0xc ./Core/Src/main.o
 *(.rodata*)
 .rodata.font   0x080041cc      0x240 ./Core/Src/ILI9341_GFX.o
 .rodata.AHBPrescTable
                0x0800440c       0x10 ./Core/Src/system_stm32f4xx.o
                0x0800440c                AHBPrescTable
 .rodata.APBPrescTable
                0x0800441c        0x8 ./Core/Src/system_stm32f4xx.o
                0x0800441c                APBPrescTable
                0x08004424                        . = ALIGN (0x4)

.ARM.extab      0x08004424        0x0
                0x08004424                        . = ALIGN (0x4)
 *(.ARM.extab* .gnu.linkonce.armextab.*)
                0x08004424                        . = ALIGN (0x4)

.ARM            0x08004424        0x8
                0x08004424                        . = ALIGN (0x4)
                0x08004424                        __exidx_start = .
 *(.ARM.exidx*)
 .ARM.exidx     0x08004424        0x8 C:/ST/STM32CubeIDE_1.19.0/STM32CubeIDE/plugins/com.st.stm32cube.ide.mcu.externaltools.gnu-tools-for-stm32.13.3.rel1.win32_1.0.0.202411081344/tools/bin/../lib/gcc/arm-none-eabi/13.3.1/thumb/v7e-m+fp/hard\libgcc.a(_udivmoddi4.o)
                0x0800442c                        __exidx_end = .
                0x0800442c                        . = ALIGN (0x4)

.preinit_array  0x0800442c        0x0
                0x0800442c                        . = ALIGN (0x4)
                0x0800442c                        PROVIDE (__preinit_array_start = .)
 *(.preinit_array*)
                0x0800442c                        PROVIDE (__preinit_array_end = .)
                0x0800442c                        . = ALIGN (0x4)

.init_array     0x0800442c        0x4
                0x0800442c                        . = ALIGN (0x4)
                0x0800442c                        PROVIDE (__init_array_start = .)
 *(SORT_BY_NAME(.init_array.*))
 *(.init_array*)
 .init_array    0x0800442c        0x4 C:/ST/STM32CubeIDE_1.19.0/STM32CubeIDE/plugins/com.st.stm32cube.ide.mcu.externaltools.gnu-tools-for-stm32.13.3.rel1.win32_1.0.0.202411081344/tools/bin/../lib/gcc/arm-none-eabi/13.3.1/thumb/v7e-m+fp/hard/crtbegin.o
                0x08004430                        PROVIDE (__init_array_end = .)
                0x08004430                        . = ALIGN (0x4)

.fini_array     0x08004430        0x4
                0x08004430                        . = ALIGN (0x4)
                [!provide]                        PROVIDE (__fini_array_start = .)
 *(SORT_BY_NAME(.fini_array.*))
 *(.fini_array*)
 .fini_array    0x08004430        0x4 C:/ST/STM32CubeIDE_1.19.0/STM32CubeIDE/plugins/com.st.stm32cube.ide.mcu.externaltools.gnu-tools-for-stm32.13.3.rel1.win32_1.0.0.202411081344/tools/bin/../lib/gcc/arm-none-eabi/13.3.1/thumb/v7e-m+fp/hard/crtbegin.o
                [!provide]                        PROVIDE (__fini_array_end = .)
                0x08004434                        . = ALIGN (0x4)
                0x08004434                        _sidata = LOADADDR (.data)

.rel.dyn        0x08004434        0x0
 .rel.iplt      0x08004434        0x0 C:/ST/STM32CubeIDE_1.19.0/STM32CubeIDE/plugins/com.st.stm32cube.ide.mcu.externaltools.gnu-tools-for-stm32.13.3.rel1.win32_1.0.0.202411081344/tools/bin/../lib/gcc/arm-none-eabi/13.3.1/thumb/v7e-m+fp/hard/crtbegin.o

.data           0x20000000       0x10 load address 0x08004434
                0x20000000                        . = ALIGN (0x4)
                0x20000000                        _sdata = .
 *(.data)
 *(.data*)
 .data.LCD_HEIGHT
                0x20000000        0x2 ./Core/Src/ILI9341_STM32_Driver.o
                0x20000000                LCD_HEIGHT
 .data.LCD_WIDTH
                0x20000002        0x2 ./Core/Src/ILI9341_STM32_Driver.o
                0x20000002                LCD_WIDTH
 .data.SystemCoreClock
                0x20000004        0x4 ./Core/Src/system_stm32f4xx.o
                0x20000004                SystemCoreClock
 .data.uwTickPrio
                0x20000008        0x4 ./Drivers/STM32F4xx_HAL_Driver/Src/stm32f4xx_hal.o
                0x20000008                uwTickPrio
 .data.uwTickFreq
                0x2000000c        0x1 ./Drivers/STM32F4xx_HAL_Driver/Src/stm32f4xx_hal.o
                0x2000000c                uwTickFreq
 *(.RamFunc)
 *(.RamFunc*)
                0x20000010                        . = ALIGN (0x4)
 *fill*         0x2000000d        0x3 
                0x20000010                        _edata = .
                0x08004444                        _siccmram = LOADADDR (.ccmram)

.igot.plt       0x20000010        0x0 load address 0x08004444
 .igot.plt      0x20000010        0x0 C:/ST/STM32CubeIDE_1.19.0/STM32CubeIDE/plugins/com.st.stm32cube.ide.mcu.externaltools.gnu-tools-for-stm32.13.3.rel1.win32_1.0.0.202411081344/tools/bin/../lib/gcc/arm-none-eabi/13.3.1/thumb/v7e-m+fp/hard/crtbegin.o

.ccmram         0x10000000        0x0 load address 0x08004444
                0x10000000                        . = ALIGN (0x4)
                0x10000000                        _sccmram = .
 *(.ccmram)
 *(.ccmram*)
                0x10000000                        . = ALIGN (0x4)
                0x10000000                        _eccmram = .
                0x10000000                        . = ALIGN (0x4)

.bss            0x20000010      0x7d4
                0x20000010                        _sbss = .
                0x20000010                        __bss_start__ = _sbss
 *(.bss)
 .bss           0x20000010       0x1c C:/ST/STM32CubeIDE_1.19.0/STM32CubeIDE/plugins/com.st.stm32cube.ide.mcu.externaltools.gnu-tools-for-stm32.13.3.rel1.win32_1.0.0.202411081344/tools/bin/../lib/gcc/arm-none-eabi/13.3.1/thumb/v7e-m+fp/hard/crtbegin.o
 *(.bss*)
 .bss.TxConfig  0x2000002c       0x38 ./Core/Src/main.o
                0x2000002c                TxConfig
 .bss.DMARxDscrTab
                0x20000064       0xa0 ./Core/Src/main.o
                0x20000064                DMARxDscrTab
 .bss.DMATxDscrTab
                0x20000104       0xa0 ./Core/Src/main.o
                0x20000104                DMATxDscrTab
 .bss.heth      0x200001a4       0xb0 ./Core/Src/main.o
                0x200001a4                heth
 .bss.hspi5     0x20000254       0x58 ./Core/Src/main.o
                0x20000254                hspi5
 .bss.huart3    0x200002ac       0x48 ./Core/Src/main.o
                0x200002ac                huart3
 .bss.hpcd_USB_OTG_FS
                0x200002f4      0x4e4 ./Core/Src/main.o
                0x200002f4                hpcd_USB_OTG_FS
 .bss.MACAddr.0
                0x200007d8        0x6 ./Core/Src/main.o
 *fill*         0x200007de        0x2 
 .bss.uwTick    0x200007e0        0x4 ./Drivers/STM32F4xx_HAL_Driver/Src/stm32f4xx_hal.o
                0x200007e0                uwTick
 *(COMMON)
                0x200007e4                        . = ALIGN (0x4)
                0x200007e4                        _ebss = .
                0x200007e4                        __bss_end__ = _ebss

._user_heap_stack
                0x200007e4      0x604
                0x200007e8                        . = ALIGN (0x8)
 *fill*         0x200007e4        0x4 
                [!provide]                        PROVIDE (end = .)
                0x200007e8                        PROVIDE (_end = .)
                0x200009e8                        . = (. + _Min_Heap_Size)
 *fill*         0x200007e8      0x200 
                0x20000de8                        . = (. + _Min_Stack_Size)
 *fill*         0x200009e8      0x400 
                0x20000de8                        . = ALIGN (0x8)

/DISCARD/
 libc.a(*)
 libm.a(*)
 libgcc.a(*)

.ARM.attributes
                0x00000000       0x30
 *(.ARM.attributes)
 .ARM.attributes
                0x00000000       0x22 C:/ST/STM32CubeIDE_1.19.0/STM32CubeIDE/plugins/com.st.stm32cube.ide.mcu.externaltools.gnu-tools-for-stm32.13.3.rel1.win32_1.0.0.202411081344/tools/bin/../lib/gcc/arm-none-eabi/13.3.1/thumb/v7e-m+fp/hard/crti.o
 .ARM.attributes
                0x00000022       0x34 C:/ST/STM32CubeIDE_1.19.0/STM32CubeIDE/plugins/com.st.stm32cube.ide.mcu.externaltools.gnu-tools-for-stm32.13.3.rel1.win32_1.0.0.202411081344/tools/bin/../lib/gcc/arm-none-eabi/13.3.1/thumb/v7e-m+fp/hard/crtbegin.o
 .ARM.attributes
                0x00000056       0x34 ./Core/Src/ILI9341_GFX.o
 .ARM.attributes
                0x0000008a       0x34 ./Core/Src/ILI9341_STM32_Driver.o
 .ARM.attributes
                0x000000be       0x34 ./Core/Src/main.o
 .ARM.attributes
                0x000000f2       0x34 ./Core/Src/stm32f4xx_hal_msp.o
 .ARM.attributes
                0x00000126       0x34 ./Core/Src/stm32f4xx_it.o
 .ARM.attributes
                0x0000015a       0x34 ./Core/Src/system_stm32f4xx.o
 .ARM.attributes
                0x0000018e       0x21 ./Core/Startup/startup_stm32f429zitx.o
 .ARM.attributes
                0x000001af       0x34 ./Drivers/STM32F4xx_HAL_Driver/Src/stm32f4xx_hal.o
 .ARM.attributes
                0x000001e3       0x34 ./Drivers/STM32F4xx_HAL_Driver/Src/stm32f4xx_hal_cortex.o
 .ARM.attributes
                0x00000217       0x34 ./Drivers/STM32F4xx_HAL_Driver/Src/stm32f4xx_hal_eth.o
 .ARM.attributes
                0x0000024b       0x34 ./Drivers/STM32F4xx_HAL_Driver/Src/stm32f4xx_hal_gpio.o
 .ARM.attributes
                0x0000027f       0x34 ./Drivers/STM32F4xx_HAL_Driver/Src/stm32f4xx_hal_pcd.o
 .ARM.attributes
                0x000002b3       0x34 ./Drivers/STM32F4xx_HAL_Driver/Src/stm32f4xx_hal_rcc.o
 .ARM.attributes
                0x000002e7       0x34 ./Drivers/STM32F4xx_HAL_Driver/Src/stm32f4xx_hal_spi.o
 .ARM.attributes
                0x0000031b       0x34 ./Drivers/STM32F4xx_HAL_Driver/Src/stm32f4xx_hal_uart.o
 .ARM.attributes
                0x0000034f       0x34 ./Drivers/STM32F4xx_HAL_Driver/Src/stm32f4xx_ll_usb.o
 .ARM.attributes
                0x00000383       0x34 C:/ST/STM32CubeIDE_1.19.0/STM32CubeIDE/plugins/com.st.stm32cube.ide.mcu.externaltools.gnu-tools-for-stm32.13.3.rel1.win32_1.0.0.202411081344/tools/bin/../lib/gcc/arm-none-eabi/13.3.1/../../../../arm-none-eabi/lib/thumb/v7e-m+fp/hard\libc_nano.a(libc_a-memset.o)
 .ARM.attributes
                0x000003b7       0x34 C:/ST/STM32CubeIDE_1.19.0/STM32CubeIDE/plugins/com.st.stm32cube.ide.mcu.externaltools.gnu-tools-for-stm32.13.3.rel1.win32_1.0.0.202411081344/tools/bin/../lib/gcc/arm-none-eabi/13.3.1/../../../../arm-none-eabi/lib/thumb/v7e-m+fp/hard\libc_nano.a(libc_a-init.o)
 .ARM.attributes
                0x000003eb       0x22 C:/ST/STM32CubeIDE_1.19.0/STM32CubeIDE/plugins/com.st.stm32cube.ide.mcu.externaltools.gnu-tools-for-stm32.13.3.rel1.win32_1.0.0.202411081344/tools/bin/../lib/gcc/arm-none-eabi/13.3.1/thumb/v7e-m+fp/hard\libgcc.a(_aeabi_uldivmod.o)
 .ARM.attributes
                0x0000040d       0x34 C:/ST/STM32CubeIDE_1.19.0/STM32CubeIDE/plugins/com.st.stm32cube.ide.mcu.externaltools.gnu-tools-for-stm32.13.3.rel1.win32_1.0.0.202411081344/tools/bin/../lib/gcc/arm-none-eabi/13.3.1/thumb/v7e-m+fp/hard\libgcc.a(_udivmoddi4.o)
 .ARM.attributes
                0x00000441       0x22 C:/ST/STM32CubeIDE_1.19.0/STM32CubeIDE/plugins/com.st.stm32cube.ide.mcu.externaltools.gnu-tools-for-stm32.13.3.rel1.win32_1.0.0.202411081344/tools/bin/../lib/gcc/arm-none-eabi/13.3.1/thumb/v7e-m+fp/hard\libgcc.a(_dvmd_tls.o)
 .ARM.attributes
                0x00000463       0x22 C:/ST/STM32CubeIDE_1.19.0/STM32CubeIDE/plugins/com.st.stm32cube.ide.mcu.externaltools.gnu-tools-for-stm32.13.3.rel1.win32_1.0.0.202411081344/tools/bin/../lib/gcc/arm-none-eabi/13.3.1/thumb/v7e-m+fp/hard/crtn.o
OUTPUT(RTOS_LCD.elf elf32-littlearm)
LOAD linker stubs
LOAD C:/ST/STM32CubeIDE_1.19.0/STM32CubeIDE/plugins/com.st.stm32cube.ide.mcu.externaltools.gnu-tools-for-stm32.13.3.rel1.win32_1.0.0.202411081344/tools/bin/../lib/gcc/arm-none-eabi/13.3.1/../../../../arm-none-eabi/lib/thumb/v7e-m+fp/hard\libc.a
LOAD C:/ST/STM32CubeIDE_1.19.0/STM32CubeIDE/plugins/com.st.stm32cube.ide.mcu.externaltools.gnu-tools-for-stm32.13.3.rel1.win32_1.0.0.202411081344/tools/bin/../lib/gcc/arm-none-eabi/13.3.1/../../../../arm-none-eabi/lib/thumb/v7e-m+fp/hard\libm.a
LOAD C:/ST/STM32CubeIDE_1.19.0/STM32CubeIDE/plugins/com.st.stm32cube.ide.mcu.externaltools.gnu-tools-for-stm32.13.3.rel1.win32_1.0.0.202411081344/tools/bin/../lib/gcc/arm-none-eabi/13.3.1/thumb/v7e-m+fp/hard\libgcc.a

.debug_info     0x00000000    0x113e9
 .debug_info    0x00000000      0xd71 ./Core/Src/ILI9341_GFX.o
 .debug_info    0x00000d71      0xae5 ./Core/Src/ILI9341_STM32_Driver.o
 .debug_info    0x00001856     0x1e51 ./Core/Src/main.o
 .debug_info    0x000036a7     0x1a97 ./Core/Src/stm32f4xx_hal_msp.o
 .debug_info    0x0000513e      0x112 ./Core/Src/stm32f4xx_it.o
 .debug_info    0x00005250      0x52e ./Core/Src/system_stm32f4xx.o
 .debug_info    0x0000577e       0x30 ./Core/Startup/startup_stm32f429zitx.o
 .debug_info    0x000057ae      0x9ba ./Drivers/STM32F4xx_HAL_Driver/Src/stm32f4xx_hal.o
 .debug_info    0x00006168      0xdc2 ./Drivers/STM32F4xx_HAL_Driver/Src/stm32f4xx_hal_cortex.o
 .debug_info    0x00006f2a     0x2193 ./Drivers/STM32F4xx_HAL_Driver/Src/stm32f4xx_hal_eth.o
 .debug_info    0x000090bd      0x6db ./Drivers/STM32F4xx_HAL_Driver/Src/stm32f4xx_hal_gpio.o
 .debug_info    0x00009798     0x156f ./Drivers/STM32F4xx_HAL_Driver/Src/stm32f4xx_hal_pcd.o
 .debug_info    0x0000ad07      0x8db ./Drivers/STM32F4xx_HAL_Driver/Src/stm32f4xx_hal_rcc.o
 .debug_info    0x0000b5e2     0x1525 ./Drivers/STM32F4xx_HAL_Driver/Src/stm32f4xx_hal_spi.o
 .debug_info    0x0000cb07     0x2f4f ./Drivers/STM32F4xx_HAL_Driver/Src/stm32f4xx_hal_uart.o
 .debug_info    0x0000fa56     0x1993 ./Drivers/STM32F4xx_HAL_Driver/Src/stm32f4xx_ll_usb.o

.debug_abbrev   0x00000000     0x241f
 .debug_abbrev  0x00000000      0x268 ./Core/Src/ILI9341_GFX.o
 .debug_abbrev  0x00000268      0x26d ./Core/Src/ILI9341_STM32_Driver.o
 .debug_abbrev  0x000004d5      0x33b ./Core/Src/main.o
 .debug_abbrev  0x00000810      0x252 ./Core/Src/stm32f4xx_hal_msp.o
 .debug_abbrev  0x00000a62       0x73 ./Core/Src/stm32f4xx_it.o
 .debug_abbrev  0x00000ad5      0x11a ./Core/Src/system_stm32f4xx.o
 .debug_abbrev  0x00000bef       0x24 ./Core/Startup/startup_stm32f429zitx.o
 .debug_abbrev  0x00000c13      0x214 ./Drivers/STM32F4xx_HAL_Driver/Src/stm32f4xx_hal.o
 .debug_abbrev  0x00000e27      0x31d ./Drivers/STM32F4xx_HAL_Driver/Src/stm32f4xx_hal_cortex.o
 .debug_abbrev  0x00001144      0x35c ./Drivers/STM32F4xx_HAL_Driver/Src/stm32f4xx_hal_eth.o
 .debug_abbrev  0x000014a0      0x1d4 ./Drivers/STM32F4xx_HAL_Driver/Src/stm32f4xx_hal_gpio.o
 .debug_abbrev  0x00001674      0x2b9 ./Drivers/STM32F4xx_HAL_Driver/Src/stm32f4xx_hal_pcd.o
 .debug_abbrev  0x0000192d      0x2b7 ./Drivers/STM32F4xx_HAL_Driver/Src/stm32f4xx_hal_rcc.o
 .debug_abbrev  0x00001be4      0x27a ./Drivers/STM32F4xx_HAL_Driver/Src/stm32f4xx_hal_spi.o
 .debug_abbrev  0x00001e5e      0x30e ./Drivers/STM32F4xx_HAL_Driver/Src/stm32f4xx_hal_uart.o
 .debug_abbrev  0x0000216c      0x2b3 ./Drivers/STM32F4xx_HAL_Driver/Src/stm32f4xx_ll_usb.o

.debug_aranges  0x00000000      0xe08
 .debug_aranges
                0x00000000       0x50 ./Core/Src/ILI9341_GFX.o
 .debug_aranges
                0x00000050       0x98 ./Core/Src/ILI9341_STM32_Driver.o
 .debug_aranges
                0x000000e8       0x58 ./Core/Src/main.o
 .debug_aranges
                0x00000140       0x60 ./Core/Src/stm32f4xx_hal_msp.o
 .debug_aranges
                0x000001a0       0x60 ./Core/Src/stm32f4xx_it.o
 .debug_aranges
                0x00000200       0x28 ./Core/Src/system_stm32f4xx.o
 .debug_aranges
                0x00000228       0x28 ./Core/Startup/startup_stm32f429zitx.o
 .debug_aranges
                0x00000250      0x100 ./Drivers/STM32F4xx_HAL_Driver/Src/stm32f4xx_hal.o
 .debug_aranges
                0x00000350      0x130 ./Drivers/STM32F4xx_HAL_Driver/Src/stm32f4xx_hal_cortex.o
 .debug_aranges
                0x00000480      0x1e8 ./Drivers/STM32F4xx_HAL_Driver/Src/stm32f4xx_hal_eth.o
 .debug_aranges
                0x00000668       0x58 ./Drivers/STM32F4xx_HAL_Driver/Src/stm32f4xx_hal_gpio.o
 .debug_aranges
                0x000006c0      0x148 ./Drivers/STM32F4xx_HAL_Driver/Src/stm32f4xx_hal_pcd.o
 .debug_aranges
                0x00000808       0x88 ./Drivers/STM32F4xx_HAL_Driver/Src/stm32f4xx_hal_rcc.o
 .debug_aranges
                0x00000890      0x1d0 ./Drivers/STM32F4xx_HAL_Driver/Src/stm32f4xx_hal_spi.o
 .debug_aranges
                0x00000a60      0x208 ./Drivers/STM32F4xx_HAL_Driver/Src/stm32f4xx_hal_uart.o
 .debug_aranges
                0x00000c68      0x1a0 ./Drivers/STM32F4xx_HAL_Driver/Src/stm32f4xx_ll_usb.o

.debug_rnglists
                0x00000000      0xadd
 .debug_rnglists
                0x00000000       0x3d ./Core/Src/ILI9341_GFX.o
 .debug_rnglists
                0x0000003d       0x75 ./Core/Src/ILI9341_STM32_Driver.o
 .debug_rnglists
                0x000000b2       0x40 ./Core/Src/main.o
 .debug_rnglists
                0x000000f2       0x47 ./Core/Src/stm32f4xx_hal_msp.o
 .debug_rnglists
                0x00000139       0x43 ./Core/Src/stm32f4xx_it.o
 .debug_rnglists
                0x0000017c       0x1a ./Core/Src/system_stm32f4xx.o
 .debug_rnglists
                0x00000196       0x19 ./Core/Startup/startup_stm32f429zitx.o
 .debug_rnglists
                0x000001af       0xbb ./Drivers/STM32F4xx_HAL_Driver/Src/stm32f4xx_hal.o
 .debug_rnglists
                0x0000026a       0xe0 ./Drivers/STM32F4xx_HAL_Driver/Src/stm32f4xx_hal_cortex.o
 .debug_rnglists
                0x0000034a      0x182 ./Drivers/STM32F4xx_HAL_Driver/Src/stm32f4xx_hal_eth.o
 .debug_rnglists
                0x000004cc       0x3f ./Drivers/STM32F4xx_HAL_Driver/Src/stm32f4xx_hal_gpio.o
 .debug_rnglists
                0x0000050b       0xfa ./Drivers/STM32F4xx_HAL_Driver/Src/stm32f4xx_hal_pcd.o
 .debug_rnglists
                0x00000605       0x66 ./Drivers/STM32F4xx_HAL_Driver/Src/stm32f4xx_hal_rcc.o
 .debug_rnglists
                0x0000066b      0x16f ./Drivers/STM32F4xx_HAL_Driver/Src/stm32f4xx_hal_spi.o
 .debug_rnglists
                0x000007da      0x1bc ./Drivers/STM32F4xx_HAL_Driver/Src/stm32f4xx_hal_uart.o
 .debug_rnglists
                0x00000996      0x147 ./Drivers/STM32F4xx_HAL_Driver/Src/stm32f4xx_ll_usb.o

.debug_macro    0x00000000    0x24650
 .debug_macro   0x00000000      0x213 ./Core/Src/ILI9341_GFX.o
 .debug_macro   0x00000213      0xad8 ./Core/Src/ILI9341_GFX.o
 .debug_macro   0x00000ceb      0x2a7 ./Core/Src/ILI9341_GFX.o
 .debug_macro   0x00000f92       0x2e ./Core/Src/ILI9341_GFX.o
 .debug_macro   0x00000fc0       0x28 ./Core/Src/ILI9341_GFX.o
 .debug_macro   0x00000fe8       0x22 ./Core/Src/ILI9341_GFX.o
 .debug_macro   0x0000100a       0x8e ./Core/Src/ILI9341_GFX.o
 .debug_macro   0x00001098       0x51 ./Core/Src/ILI9341_GFX.o
 .debug_macro   0x000010e9      0x103 ./Core/Src/ILI9341_GFX.o
 .debug_macro   0x000011ec       0x6a ./Core/Src/ILI9341_GFX.o
 .debug_macro   0x00001256      0x1df ./Core/Src/ILI9341_GFX.o
 .debug_macro   0x00001435       0x1c ./Core/Src/ILI9341_GFX.o
 .debug_macro   0x00001451       0x22 ./Core/Src/ILI9341_GFX.o
 .debug_macro   0x00001473       0xfb ./Core/Src/ILI9341_GFX.o
 .debug_macro   0x0000156e     0x1011 ./Core/Src/ILI9341_GFX.o
 .debug_macro   0x0000257f      0x11f ./Core/Src/ILI9341_GFX.o
 .debug_macro   0x0000269e    0x17ff1 ./Core/Src/ILI9341_GFX.o
 .debug_macro   0x0001a68f       0x6d ./Core/Src/ILI9341_GFX.o
 .debug_macro   0x0001a6fc     0x370a ./Core/Src/ILI9341_GFX.o
 .debug_macro   0x0001de06      0x190 ./Core/Src/ILI9341_GFX.o
 .debug_macro   0x0001df96       0x5c ./Core/Src/ILI9341_GFX.o
 .debug_macro   0x0001dff2      0xcba ./Core/Src/ILI9341_GFX.o
 .debug_macro   0x0001ecac      0x9e9 ./Core/Src/ILI9341_GFX.o
 .debug_macro   0x0001f695      0x115 ./Core/Src/ILI9341_GFX.o
 .debug_macro   0x0001f7aa      0x156 ./Core/Src/ILI9341_GFX.o
 .debug_macro   0x0001f900       0xa5 ./Core/Src/ILI9341_GFX.o
 .debug_macro   0x0001f9a5      0x182 ./Core/Src/ILI9341_GFX.o
 .debug_macro   0x0001fb27      0x287 ./Core/Src/ILI9341_GFX.o
 .debug_macro   0x0001fdae       0x5f ./Core/Src/ILI9341_GFX.o
 .debug_macro   0x0001fe0d      0x236 ./Core/Src/ILI9341_GFX.o
 .debug_macro   0x00020043      0xb99 ./Core/Src/ILI9341_GFX.o
 .debug_macro   0x00020bdc      0x132 ./Core/Src/ILI9341_GFX.o
 .debug_macro   0x00020d0e      0x41d ./Core/Src/ILI9341_GFX.o
 .debug_macro   0x0002112b       0x2e ./Core/Src/ILI9341_GFX.o
 .debug_macro   0x00021159      0x127 ./Core/Src/ILI9341_GFX.o
 .debug_macro   0x00021280       0xe2 ./Core/Src/ILI9341_GFX.o
 .debug_macro   0x00021362       0x89 ./Core/Src/ILI9341_GFX.o
 .debug_macro   0x000213eb      0x225 ./Core/Src/ILI9341_GFX.o
 .debug_macro   0x00021610      0x2aa ./Core/Src/ILI9341_GFX.o
 .debug_macro   0x000218ba      0x293 ./Core/Src/ILI9341_GFX.o
 .debug_macro   0x00021b4d       0xba ./Core/Src/ILI9341_GFX.o
 .debug_macro   0x00021c07      0x134 ./Core/Src/ILI9341_GFX.o
 .debug_macro   0x00021d3b       0xd2 ./Core/Src/ILI9341_GFX.o
 .debug_macro   0x00021e0d       0x16 ./Core/Src/ILI9341_GFX.o
 .debug_macro   0x00021e23       0x16 ./Core/Src/ILI9341_GFX.o
 .debug_macro   0x00021e39      0x201 ./Core/Src/ILI9341_STM32_Driver.o
 .debug_macro   0x0002203a      0x2e1 ./Core/Src/main.o
 .debug_macro   0x0002231b      0x154 ./Core/Src/main.o
 .debug_macro   0x0002246f       0x61 ./Core/Src/main.o
 .debug_macro   0x000224d0       0x2a ./Core/Src/main.o
 .debug_macro   0x000224fa       0x43 ./Core/Src/main.o
 .debug_macro   0x0002253d       0x34 ./Core/Src/main.o
 .debug_macro   0x00022571      0x370 ./Core/Src/main.o
 .debug_macro   0x000228e1       0x16 ./Core/Src/main.o
 .debug_macro   0x000228f7       0x4a ./Core/Src/main.o
 .debug_macro   0x00022941       0x34 ./Core/Src/main.o
 .debug_macro   0x00022975       0x10 ./Core/Src/main.o
 .debug_macro   0x00022985       0x58 ./Core/Src/main.o
 .debug_macro   0x000229dd       0x8e ./Core/Src/main.o
 .debug_macro   0x00022a6b       0x1c ./Core/Src/main.o
 .debug_macro   0x00022a87      0x185 ./Core/Src/main.o
 .debug_macro   0x00022c0c       0x10 ./Core/Src/main.o
 .debug_macro   0x00022c1c       0x3c ./Core/Src/main.o
 .debug_macro   0x00022c58       0x20 ./Core/Src/main.o
 .debug_macro   0x00022c78       0xd8 ./Core/Src/main.o
 .debug_macro   0x00022d50      0x201 ./Core/Src/stm32f4xx_hal_msp.o
 .debug_macro   0x00022f51      0x20b ./Core/Src/stm32f4xx_it.o
 .debug_macro   0x0002315c      0x1f2 ./Core/Src/system_stm32f4xx.o
 .debug_macro   0x0002334e      0x252 ./Drivers/STM32F4xx_HAL_Driver/Src/stm32f4xx_hal.o
 .debug_macro   0x000235a0      0x1f2 ./Drivers/STM32F4xx_HAL_Driver/Src/stm32f4xx_hal_cortex.o
 .debug_macro   0x00023792      0x2cc ./Drivers/STM32F4xx_HAL_Driver/Src/stm32f4xx_hal_eth.o
 .debug_macro   0x00023a5e      0x1f8 ./Drivers/STM32F4xx_HAL_Driver/Src/stm32f4xx_hal_gpio.o
 .debug_macro   0x00023c56      0x1fe ./Drivers/STM32F4xx_HAL_Driver/Src/stm32f4xx_hal_pcd.o
 .debug_macro   0x00023e54      0x216 ./Drivers/STM32F4xx_HAL_Driver/Src/stm32f4xx_hal_rcc.o
 .debug_macro   0x0002406a      0x201 ./Drivers/STM32F4xx_HAL_Driver/Src/stm32f4xx_hal_spi.o
 .debug_macro   0x0002426b      0x1f3 ./Drivers/STM32F4xx_HAL_Driver/Src/stm32f4xx_hal_uart.o
 .debug_macro   0x0002445e      0x1f2 ./Drivers/STM32F4xx_HAL_Driver/Src/stm32f4xx_ll_usb.o

.debug_line     0x00000000     0xfd47
 .debug_line    0x00000000      0xb52 ./Core/Src/ILI9341_GFX.o
 .debug_line    0x00000b52      0xad8 ./Core/Src/ILI9341_STM32_Driver.o
 .debug_line    0x0000162a      0xafb ./Core/Src/main.o
 .debug_line    0x00002125      0x907 ./Core/Src/stm32f4xx_hal_msp.o
 .debug_line    0x00002a2c      0x839 ./Core/Src/stm32f4xx_it.o
 .debug_line    0x00003265      0x800 ./Core/Src/system_stm32f4xx.o
 .debug_line    0x00003a65       0x7a ./Core/Startup/startup_stm32f429zitx.o
 .debug_line    0x00003adf      0xab2 ./Drivers/STM32F4xx_HAL_Driver/Src/stm32f4xx_hal.o
 .debug_line    0x00004591      0xd4c ./Drivers/STM32F4xx_HAL_Driver/Src/stm32f4xx_hal_cortex.o
 .debug_line    0x000052dd     0x1a91 ./Drivers/STM32F4xx_HAL_Driver/Src/stm32f4xx_hal_eth.o
 .debug_line    0x00006d6e      0xbfc ./Drivers/STM32F4xx_HAL_Driver/Src/stm32f4xx_hal_gpio.o
 .debug_line    0x0000796a     0x14c7 ./Drivers/STM32F4xx_HAL_Driver/Src/stm32f4xx_hal_pcd.o
 .debug_line    0x00008e31      0xe8b ./Drivers/STM32F4xx_HAL_Driver/Src/stm32f4xx_hal_rcc.o
 .debug_line    0x00009cbc     0x1d17 ./Drivers/STM32F4xx_HAL_Driver/Src/stm32f4xx_hal_spi.o
 .debug_line    0x0000b9d3     0x25c4 ./Drivers/STM32F4xx_HAL_Driver/Src/stm32f4xx_hal_uart.o
 .debug_line    0x0000df97     0x1db0 ./Drivers/STM32F4xx_HAL_Driver/Src/stm32f4xx_ll_usb.o

.debug_str      0x00000000    0xdb6ac
 .debug_str     0x00000000    0xdb6ac ./Core/Src/ILI9341_GFX.o
                              0xd3349 (size before relaxing)
 .debug_str     0x000db6ac    0xd32e8 ./Core/Src/ILI9341_STM32_Driver.o
 .debug_str     0x000db6ac    0xd7723 ./Core/Src/main.o
 .debug_str     0x000db6ac    0xd3f7f ./Core/Src/stm32f4xx_hal_msp.o
 .debug_str     0x000db6ac    0xd2f3b ./Core/Src/stm32f4xx_it.o
 .debug_str     0x000db6ac    0xd2b3c ./Core/Src/system_stm32f4xx.o
 .debug_str     0x000db6ac       0x6e ./Core/Startup/startup_stm32f429zitx.o
 .debug_str     0x000db6ac    0xd375f ./Drivers/STM32F4xx_HAL_Driver/Src/stm32f4xx_hal.o
 .debug_str     0x000db6ac    0xd348d ./Drivers/STM32F4xx_HAL_Driver/Src/stm32f4xx_hal_cortex.o
 .debug_str     0x000db6ac    0xd4438 ./Drivers/STM32F4xx_HAL_Driver/Src/stm32f4xx_hal_eth.o
 .debug_str     0x000db6ac    0xd2cb7 ./Drivers/STM32F4xx_HAL_Driver/Src/stm32f4xx_hal_gpio.o
 .debug_str     0x000db6ac    0xd3607 ./Drivers/STM32F4xx_HAL_Driver/Src/stm32f4xx_hal_pcd.o
 .debug_str     0x000db6ac    0xd2f70 ./Drivers/STM32F4xx_HAL_Driver/Src/stm32f4xx_hal_rcc.o
 .debug_str     0x000db6ac    0xd33e7 ./Drivers/STM32F4xx_HAL_Driver/Src/stm32f4xx_hal_spi.o
 .debug_str     0x000db6ac    0xd353e ./Drivers/STM32F4xx_HAL_Driver/Src/stm32f4xx_hal_uart.o
 .debug_str     0x000db6ac    0xd34e2 ./Drivers/STM32F4xx_HAL_Driver/Src/stm32f4xx_ll_usb.o

.comment        0x00000000       0x43
 .comment       0x00000000       0x43 ./Core/Src/ILI9341_GFX.o
                                 0x44 (size before relaxing)
 .comment       0x00000043       0x44 ./Core/Src/ILI9341_STM32_Driver.o
 .comment       0x00000043       0x44 ./Core/Src/main.o
 .comment       0x00000043       0x44 ./Core/Src/stm32f4xx_hal_msp.o
 .comment       0x00000043       0x44 ./Core/Src/stm32f4xx_it.o
 .comment       0x00000043       0x44 ./Core/Src/system_stm32f4xx.o
 .comment       0x00000043       0x44 ./Drivers/STM32F4xx_HAL_Driver/Src/stm32f4xx_hal.o
 .comment       0x00000043       0x44 ./Drivers/STM32F4xx_HAL_Driver/Src/stm32f4xx_hal_cortex.o
 .comment       0x00000043       0x44 ./Drivers/STM32F4xx_HAL_Driver/Src/stm32f4xx_hal_eth.o
 .comment       0x00000043       0x44 ./Drivers/STM32F4xx_HAL_Driver/Src/stm32f4xx_hal_gpio.o
 .comment       0x00000043       0x44 ./Drivers/STM32F4xx_HAL_Driver/Src/stm32f4xx_hal_pcd.o
 .comment       0x00000043       0x44 ./Drivers/STM32F4xx_HAL_Driver/Src/stm32f4xx_hal_rcc.o
 .comment       0x00000043       0x44 ./Drivers/STM32F4xx_HAL_Driver/Src/stm32f4xx_hal_spi.o
 .comment       0x00000043       0x44 ./Drivers/STM32F4xx_HAL_Driver/Src/stm32f4xx_hal_uart.o
 .comment       0x00000043       0x44 ./Drivers/STM32F4xx_HAL_Driver/Src/stm32f4xx_ll_usb.o

.debug_frame    0x00000000     0x3b84
 .debug_frame   0x00000000      0x128 ./Core/Src/ILI9341_GFX.o
 .debug_frame   0x00000128      0x24c ./Core/Src/ILI9341_STM32_Driver.o
 .debug_frame   0x00000374      0x100 ./Core/Src/main.o
 .debug_frame   0x00000474      0x158 ./Core/Src/stm32f4xx_hal_msp.o
 .debug_frame   0x000005cc      0x104 ./Core/Src/stm32f4xx_it.o
 .debug_frame   0x000006d0       0x58 ./Core/Src/system_stm32f4xx.o
 .debug_frame   0x00000728      0x3b4 ./Drivers/STM32F4xx_HAL_Driver/Src/stm32f4xx_hal.o
 .debug_frame   0x00000adc      0x508 ./Drivers/STM32F4xx_HAL_Driver/Src/stm32f4xx_hal_cortex.o
 .debug_frame   0x00000fe4      0x8c0 ./Drivers/STM32F4xx_HAL_Driver/Src/stm32f4xx_hal_eth.o
 .debug_frame   0x000018a4      0x14c ./Drivers/STM32F4xx_HAL_Driver/Src/stm32f4xx_hal_gpio.o
 .debug_frame   0x000019f0      0x5b8 ./Drivers/STM32F4xx_HAL_Driver/Src/stm32f4xx_hal_pcd.o
 .debug_frame   0x00001fa8      0x1f4 ./Drivers/STM32F4xx_HAL_Driver/Src/stm32f4xx_hal_rcc.o
 .debug_frame   0x0000219c      0x828 ./Drivers/STM32F4xx_HAL_Driver/Src/stm32f4xx_hal_spi.o
 .debug_frame   0x000029c4      0x954 ./Drivers/STM32F4xx_HAL_Driver/Src/stm32f4xx_hal_uart.o
 .debug_frame   0x00003318      0x7c0 ./Drivers/STM32F4xx_HAL_Driver/Src/stm32f4xx_ll_usb.o
 .debug_frame   0x00003ad8       0x20 C:/ST/STM32CubeIDE_1.19.0/STM32CubeIDE/plugins/com.st.stm32cube.ide.mcu.externaltools.gnu-tools-for-stm32.13.3.rel1.win32_1.0.0.202411081344/tools/bin/../lib/gcc/arm-none-eabi/13.3.1/../../../../arm-none-eabi/lib/thumb/v7e-m+fp/hard\libc_nano.a(libc_a-memset.o)
 .debug_frame   0x00003af8       0x2c C:/ST/STM32CubeIDE_1.19.0/STM32CubeIDE/plugins/com.st.stm32cube.ide.mcu.externaltools.gnu-tools-for-stm32.13.3.rel1.win32_1.0.0.202411081344/tools/bin/../lib/gcc/arm-none-eabi/13.3.1/../../../../arm-none-eabi/lib/thumb/v7e-m+fp/hard\libc_nano.a(libc_a-init.o)
 .debug_frame   0x00003b24       0x2c C:/ST/STM32CubeIDE_1.19.0/STM32CubeIDE/plugins/com.st.stm32cube.ide.mcu.externaltools.gnu-tools-for-stm32.13.3.rel1.win32_1.0.0.202411081344/tools/bin/../lib/gcc/arm-none-eabi/13.3.1/thumb/v7e-m+fp/hard\libgcc.a(_aeabi_uldivmod.o)
 .debug_frame   0x00003b50       0x34 C:/ST/STM32CubeIDE_1.19.0/STM32CubeIDE/plugins/com.st.stm32cube.ide.mcu.externaltools.gnu-tools-for-stm32.13.3.rel1.win32_1.0.0.202411081344/tools/bin/../lib/gcc/arm-none-eabi/13.3.1/thumb/v7e-m+fp/hard\libgcc.a(_udivmoddi4.o)

.debug_line_str
                0x00000000       0x52
 .debug_line_str
                0x00000000       0x52 ./Core/Startup/startup_stm32f429zitx.o
