../Core/Src/main.c:106:6:HAL_GPIO_EXTI_Callback	40	static,ignoring_inline_asm
../Core/Src/main.c:121:6:DebounceCallback	16	static
../Core/Src/main.c:131:6:MyButton_TaskFunc	24	static
../Core/Src/main.c:149:6:MyLed_TaskFunc	24	static
../Core/Src/main.c:164:6:vAudioTask	40	static
../Core/Src/main.c:203:5:main	16	static
../Core/Src/main.c:315:6:SystemClock_Config	88	static
../Core/Src/main.c:358:13:MX_ETH_Init	8	static
../Core/Src/main.c:406:13:MX_I2S2_Init	8	static
../Core/Src/main.c:438:13:MX_USART3_UART_Init	8	static
../Core/Src/main.c:469:13:MX_USB_OTG_FS_PCD_Init	8	static
../Core/Src/main.c:500:13:MX_DMA_Init	16	static
../Core/Src/main.c:517:13:MX_GPIO_Init	56	static
../Core/Src/main.c:583:6:StartDefaultTask	24	static
../Core/Src/main.c:602:6:HAL_TIM_PeriodElapsedCallback	16	static
../Core/Src/main.c:618:6:Error_Handler	4	static,ignoring_inline_asm
