../Core/Src/freertos.c:70:13:Action_Btn1	8	static
../Core/Src/freertos.c:71:13:Action_Btn2	8	static
../Core/Src/freertos.c:72:13:Action_Btn3	8	static
../Core/Src/freertos.c:73:13:Action_Btn4	8	static
../Core/Src/freertos.c:74:13:Action_Btn5	8	static
../Core/Src/freertos.c:75:13:Action_Btn6	8	static
../Core/Src/freertos.c:76:13:Action_Btn7	8	static
../Core/Src/freertos.c:77:13:Action_Btn8	8	static
../Core/Src/freertos.c:78:13:Action_Btn9	8	static
../Core/Src/freertos.c:79:13:Action_Btn10	8	static
../Core/Src/freertos.c:80:13:Action_Btn11	8	static
../Core/Src/freertos.c:81:13:Action_Btn12	8	static
../Core/Src/freertos.c:82:13:Action_Btn13	8	static
../Core/Src/freertos.c:83:13:Action_Btn14	8	static
../Core/Src/freertos.c:84:13:Action_Btn15	8	static
../Core/Src/freertos.c:85:13:Action_Btn16	8	static
../Core/Src/freertos.c:113:20:ev_name	16	static
../Core/Src/freertos.c:127:17:matrix_scan_raw	40	static,ignoring_inline_asm
../Core/Src/freertos.c:165:17:debounce_update	40	static
../Core/Src/freertos.c:194:13:KeyWorkerTask	24	static
../Core/Src/freertos.c:209:13:print_event	24	static
../Core/Src/freertos.c:217:13:KeyScanTask	48	static
../Core/Src/freertos.c:257:6:KeypadTasks_Init	48	static,ignoring_inline_asm
