../Core/Src/stm32f4xx_it.c:60:20:push_evt_from_isr	32	static,ignoring_inline_asm
../Core/Src/stm32f4xx_it.c:75:6:HAL_GPIO_EXTI_Callback	16	static
../Core/Src/stm32f4xx_it.c:117:6:NMI_Handler	4	static
../Core/Src/stm32f4xx_it.c:132:6:HardFault_Handler	4	static
../Core/Src/stm32f4xx_it.c:147:6:MemManage_Handler	4	static
../Core/Src/stm32f4xx_it.c:162:6:BusFault_Handler	4	static
../Core/Src/stm32f4xx_it.c:177:6:UsageFault_Handler	4	static
../Core/Src/stm32f4xx_it.c:192:6:DebugMon_Handler	4	static
../Core/Src/stm32f4xx_it.c:212:6:EXTI3_IRQHandler	8	static
../Core/Src/stm32f4xx_it.c:226:6:EXTI4_IRQHandler	8	static
../Core/Src/stm32f4xx_it.c:240:6:EXTI9_5_IRQHandler	8	static
../Core/Src/stm32f4xx_it.c:257:6:TIM6_DAC_IRQHandler	8	static
