../Drivers/CMSIS/Include/core_cm4.h:2064:26:ITM_SendChar	16	static,ignoring_inline_asm
../Core/Src/main.c:66:5:_write	32	static
../Core/Src/main.c:82:5:main	8	static
../Core/Src/main.c:164:6:SystemClock_Config	88	static
../Core/Src/main.c:211:13:MX_I2S1_Init	8	static
../Core/Src/main.c:243:13:MX_DMA_Init	16	static
../Core/Src/main.c:261:13:MX_GPIO_Init	48	static
../Core/Src/main.c:306:6:StartDefaultTask	16	static
../Core/Src/main.c:326:6:HAL_TIM_PeriodElapsedCallback	16	static
../Core/Src/main.c:344:6:Error_Handler	4	static,ignoring_inline_asm
