../Drivers/CMSIS/Include/core_cm4.h:2064:26:ITM_SendChar	16	static,ignoring_inline_asm
../Core/Src/main.c:77:5:_write	32	static
../Core/Src/main.c:93:5:main	8	static
../Core/Src/main.c:184:6:SystemClock_Config	88	static
../Core/Src/main.c:231:13:MX_I2S1_Init	8	static
../Core/Src/main.c:265:13:MX_SPI2_Init	8	static
../Core/Src/main.c:303:13:MX_TIM4_Init	56	static
../Core/Src/main.c:352:13:MX_TIM5_Init	56	static
../Core/Src/main.c:399:13:MX_DMA_Init	16	static
../Core/Src/main.c:424:13:MX_GPIO_Init	48	static
../Core/Src/main.c:518:6:StartDefaultTask	16	static
../Core/Src/main.c:538:6:HAL_TIM_PeriodElapsedCallback	16	static
../Core/Src/main.c:556:6:Error_Handler	4	static,ignoring_inline_asm
