../Core/Src/sound_engine.c:68:6:NoteOn	4	static
../Core/Src/sound_engine.c:76:6:NoteOff	4	static
../Core/Src/sound_engine.c:82:6:Init_All_LUTs	32	static
../Core/Src/sound_engine.c:104:6:Calc_Wave_LUT	32	static
../Core/Src/sound_engine.c:172:6:StartAudioTask	24	static
../Core/Src/sound_engine.c:198:6:HAL_I2S_TxHalfCpltCallback	32	static,ignoring_inline_asm
../Core/Src/sound_engine.c:208:6:HAL_I2S_TxCpltCallback	32	static,ignoring_inline_asm
../Core/Src/sound_engine.c:219:6:InitTasks	16	static
../Core/Src/sound_engine.c:223:6:Test	8	static
