../Core/Src/ui.c:59:6:display_init	8	static
../Core/Src/ui.c:70:6:UI_Init	24	static
../Core/Src/ui.c:85:13:Generate_Sine_Samples	16	static
../Core/Src/ui.c:92:13:draw_main_dashboard	16	static
../Core/Src/ui.c:188:13:draw_adsr_graph	232	static
../Core/Src/ui.c:267:13:draw_adsr_labels_static	24	static
../Core/Src/ui.c:278:13:draw_adsr_selection	48	static
../Core/Src/ui.c:295:13:draw_line	48	static
../Core/Src/ui.c:320:13:draw_note_center	40	static
../Core/Src/ui.c:347:13:draw_volume_bar	64	static
../Core/Src/ui.c:376:13:UI_SelectVolumeMode	4	static
../Core/Src/ui.c:384:13:draw_wave_graph	104	static
../Core/Src/ui.c:456:13:draw_filter_labels_static	24	static
../Core/Src/ui.c:464:13:draw_filter_selection	24	static
../Core/Src/ui.c:490:12:clampi	24	static
../Core/Src/ui.c:499:13:UI_MoveAdsrSelect	4	static
../Core/Src/ui.c:507:13:UI_ToggleFilterSelect	4	static
../Core/Src/ui.c:517:6:UI_OnEncoderDelta	24	static
../Core/Src/ui.c:558:13:LCD_Task	32	static
../Core/Src/ui.c:653:6:HAL_GPIO_EXTI_Callback	16	static
