../Core/Src/main.c:101:5:main	8	static
../Core/Src/main.c:198:6:SystemClock_Config	88	static
../Core/Src/main.c:244:13:MX_ETH_Init	8	static
../Core/Src/main.c:293:13:MX_SPI5_Init	8	static
../Core/Src/main.c:331:13:MX_USART3_UART_Init	8	static
../Core/Src/main.c:364:13:MX_USB_OTG_FS_PCD_Init	8	static
../Core/Src/main.c:399:13:MX_GPIO_Init	56	static
../Core/Src/main.c:477:6:LCD_Task	32	static
../Core/Src/main.c:506:6:HAL_GPIO_EXTI_Callback	16	static
../Core/Src/main.c:527:6:Error_Handler	4	static,ignoring_inline_asm
